Archive member included to satisfy reference by file (symbol)

.\CortexM3\ARM_GCC_541\Debug\Lock-in_H2O_02b.a(Pin_LED.o)
                              .\CortexM3\ARM_GCC_541\Debug\main.o (Pin_LED_Write)
.\CortexM3\ARM_GCC_541\Debug\Lock-in_H2O_02b.a(Filter_1.o)
                              .\CortexM3\ARM_GCC_541\Debug\main.o (Filter_1_AddValue)
.\CortexM3\ARM_GCC_541\Debug\Lock-in_H2O_02b.a(Button_1.o)
                              .\CortexM3\ARM_GCC_541\Debug\main.o (Button_1_Start)
.\CortexM3\ARM_GCC_541\Debug\Lock-in_H2O_02b.a(ADC_1.o)
                              .\CortexM3\ARM_GCC_541\Debug\main.o (ADC_1_Start)
.\CortexM3\ARM_GCC_541\Debug\Lock-in_H2O_02b.a(ADC_1_INT.o)
                              .\CortexM3\ARM_GCC_541\Debug\Lock-in_H2O_02b.a(ADC_1.o) (ADC_1_ISR1)
.\CortexM3\ARM_GCC_541\Debug\Lock-in_H2O_02b.a(UART_1.o)
                              .\CortexM3\ARM_GCC_541\Debug\main.o (UART_1_Start)
.\CortexM3\ARM_GCC_541\Debug\Lock-in_H2O_02b.a(UART_1_INT.o)
                              .\CortexM3\ARM_GCC_541\Debug\Lock-in_H2O_02b.a(UART_1.o) (UART_1_TXISR)
.\CortexM3\ARM_GCC_541\Debug\Lock-in_H2O_02b.a(isrADC.o)
                              .\CortexM3\ARM_GCC_541\Debug\main.o (isrADC_StartEx)
.\CortexM3\ARM_GCC_541\Debug\Lock-in_H2O_02b.a(Chart_1.o)
                              .\CortexM3\ARM_GCC_541\Debug\main.o (Chart_1_Plot)
.\CortexM3\ARM_GCC_541\Debug\Lock-in_H2O_02b.a(Button_1_isrPoll.o)
                              .\CortexM3\ARM_GCC_541\Debug\Lock-in_H2O_02b.a(Button_1.o) (Button_1_isrPoll_StartEx)
.\CortexM3\ARM_GCC_541\Debug\Lock-in_H2O_02b.a(ADC_1_Ext_CP_Clk.o)
                              .\CortexM3\ARM_GCC_541\Debug\Lock-in_H2O_02b.a(ADC_1.o) (ADC_1_Ext_CP_Clk_SetModeRegister)
.\CortexM3\ARM_GCC_541\Debug\Lock-in_H2O_02b.a(ADC_1_theACLK.o)
                              .\CortexM3\ARM_GCC_541\Debug\Lock-in_H2O_02b.a(ADC_1.o) (ADC_1_theACLK_SetModeRegister)
.\CortexM3\ARM_GCC_541\Debug\Lock-in_H2O_02b.a(CyLib.o)
                              .\CortexM3\ARM_GCC_541\Debug\Cm3Start.o (CyHalt)
.\CortexM3\ARM_GCC_541\Debug\Lock-in_H2O_02b.a(cyPm.o)
                              .\CortexM3\ARM_GCC_541\Debug\Lock-in_H2O_02b.a(CyLib.o) (CyPmReadStatus)
.\CortexM3\ARM_GCC_541\Debug\Lock-in_H2O_02b.a(CyBootAsmGnu.o)
                              .\CortexM3\ARM_GCC_541\Debug\cyfitter_cfg.o (CyDelayCycles)
.\CortexM3\ARM_GCC_541\Debug\Lock-in_H2O_02b.a(CyFlash.o)
                              .\CortexM3\ARM_GCC_541\Debug\Lock-in_H2O_02b.a(cyPm.o) (CyFlash_SetWaitCycles)
.\CortexM3\ARM_GCC_541\Debug\Lock-in_H2O_02b.a(CySpc.o)
                              .\CortexM3\ARM_GCC_541\Debug\Lock-in_H2O_02b.a(CyFlash.o) (CySpcStart)
c:/program files (x86)/cypress/psoc creator/4.2/psoc creator/import/gnu/arm/5.4.1/bin/../lib/gcc/arm-none-eabi/5.4.1/armv7-m\libgcc.a(_arm_addsubdf3.o)
                              .\CortexM3\ARM_GCC_541\Debug\Lock-in_H2O_02b.a(ADC_1.o) (__aeabi_f2d)
c:/program files (x86)/cypress/psoc creator/4.2/psoc creator/import/gnu/arm/5.4.1/bin/../lib/gcc/arm-none-eabi/5.4.1/armv7-m\libgcc.a(_arm_cmpdf2.o)
                              .\CortexM3\ARM_GCC_541\Debug\Lock-in_H2O_02b.a(ADC_1.o) (__aeabi_dcmpgt)
c:/program files (x86)/cypress/psoc creator/4.2/psoc creator/import/gnu/arm/5.4.1/bin/../lib/gcc/arm-none-eabi/5.4.1/armv7-m\libgcc.a(_arm_addsubsf3.o)
                              .\CortexM3\ARM_GCC_541\Debug\Lock-in_H2O_02b.a(ADC_1.o) (__aeabi_ui2f)
c:/program files (x86)/cypress/psoc creator/4.2/psoc creator/import/gnu/arm/5.4.1/bin/../lib/gcc/arm-none-eabi/5.4.1/armv7-m\libgcc.a(_arm_muldivsf3.o)
                              .\CortexM3\ARM_GCC_541\Debug\Lock-in_H2O_02b.a(ADC_1.o) (__aeabi_fmul)
c:/program files (x86)/cypress/psoc creator/4.2/psoc creator/import/gnu/arm/5.4.1/bin/../lib/gcc/arm-none-eabi/5.4.1/armv7-m\libgcc.a(_arm_fixunssfsi.o)
                              .\CortexM3\ARM_GCC_541\Debug\Lock-in_H2O_02b.a(ADC_1.o) (__aeabi_f2uiz)
c:/program files (x86)/cypress/psoc creator/4.2/psoc creator/import/gnu/arm/5.4.1/bin/../lib/gcc/arm-none-eabi/5.4.1/../../../../arm-none-eabi/lib/armv7-m\libg_nano.a(lib_a-errno.o)
                              .\CortexM3\ARM_GCC_541\Debug\Cm3Start.o (__errno)
c:/program files (x86)/cypress/psoc creator/4.2/psoc creator/import/gnu/arm/5.4.1/bin/../lib/gcc/arm-none-eabi/5.4.1/../../../../arm-none-eabi/lib/armv7-m\libg_nano.a(lib_a-exit.o)
                              c:/program files (x86)/cypress/psoc creator/4.2/psoc creator/import/gnu/arm/5.4.1/bin/../lib/gcc/arm-none-eabi/5.4.1/../../../../arm-none-eabi/lib/armv7-m/crt0.o (exit)
c:/program files (x86)/cypress/psoc creator/4.2/psoc creator/import/gnu/arm/5.4.1/bin/../lib/gcc/arm-none-eabi/5.4.1/../../../../arm-none-eabi/lib/armv7-m\libg_nano.a(lib_a-impure.o)
[...]
Memory Configuration

Name             Origin             Length             Attributes
rom              0x00000000         0x00040000         xr
ram              0x1fff8000         0x00010000         xrw
*default*        0x00000000         0xffffffff

Linker script and memory map

LOAD c:/program files (x86)/cypress/psoc creator/4.2/psoc creator/import/gnu/arm/5.4.1/bin/../lib/gcc/arm-none-eabi/5.4.1/armv7-m/crti.o
LOAD c:/program files (x86)/cypress/psoc creator/4.2/psoc creator/import/gnu/arm/5.4.1/bin/../lib/gcc/arm-none-eabi/5.4.1/armv7-m/crtbegin.o
LOAD c:/program files (x86)/cypress/psoc creator/4.2/psoc creator/import/gnu/arm/5.4.1/bin/../lib/gcc/arm-none-eabi/5.4.1/../../../../arm-none-eabi/lib/armv7-m/crt0.o
START GROUP
LOAD .\CortexM3\ARM_GCC_541\Debug\main.o
LOAD .\CortexM3\ARM_GCC_541\Debug\cyfitter_cfg.o
LOAD .\CortexM3\ARM_GCC_541\Debug\cymetadata.o
LOAD .\CortexM3\ARM_GCC_541\Debug\Cm3Start.o
LOAD .\CortexM3\ARM_GCC_541\Debug\Lock-in_H2O_02b.a
LOAD C:\Program Files (x86)\Cypress\PSoC Creator\4.2\PSoC Creator\psoc\content\cycomponentlibrary\CyComponentLibrary.cylib\CortexM3\ARM_GCC_541\Debug\CyComponentLibrary.a
END GROUP
START GROUP
LOAD c:/program files (x86)/cypress/psoc creator/4.2/psoc creator/import/gnu/arm/5.4.1/bin/../lib/gcc/arm-none-eabi/5.4.1/armv7-m\libgcc.a
LOAD c:/program files (x86)/cypress/psoc creator/4.2/psoc creator/import/gnu/arm/5.4.1/bin/../lib/gcc/arm-none-eabi/5.4.1/../../../../arm-none-eabi/lib/armv7-m\libg_nano.a
LOAD c:/program files (x86)/cypress/psoc creator/4.2/psoc creator/import/gnu/arm/5.4.1/bin/../lib/gcc/arm-none-eabi/5.4.1/../../../../arm-none-eabi/lib/armv7-m\libc_nano.a
END GROUP
START GROUP
LOAD c:/program files (x86)/cypress/psoc creator/4.2/psoc creator/import/gnu/arm/5.4.1/bin/../lib/gcc/arm-none-eabi/5.4.1/armv7-m\libgcc.a
LOAD c:/program files (x86)/cypress/psoc creator/4.2/psoc creator/import/gnu/arm/5.4.1/bin/../lib/gcc/arm-none-eabi/5.4.1/../../../../arm-none-eabi/lib/armv7-m\libc_nano.a
END GROUP
LOAD c:/program files (x86)/cypress/psoc creator/4.2/psoc creator/import/gnu/arm/5.4.1/bin/../lib/gcc/arm-none-eabi/5.4.1/armv7-m/crtend.o
LOAD c:/program files (x86)/cypress/psoc creator/4.2/psoc creator/import/gnu/arm/5.4.1/bin/../lib/gcc/arm-none-eabi/5.4.1/armv7-m/crtn.o
START GROUP
LOAD c:/program files (x86)/cypress/psoc creator/4.2/psoc creator/import/gnu/arm/5.4.1/bin/../lib/gcc/arm-none-eabi/5.4.1/armv7-m\libgcc.a
LOAD c:/program files (x86)/cypress/psoc creator/4.2/psoc creator/import/gnu/arm/5.4.1/bin/../lib/gcc/arm-none-eabi/5.4.1/../../../../arm-none-eabi/lib/armv7-m\libc.a
LOAD c:/program files (x86)/cypress/psoc creator/4.2/psoc creator/import/gnu/arm/5.4.1/bin/../lib/gcc/arm-none-eabi/5.4.1/../../../../arm-none-eabi/lib/armv7-m\libnosys.a
END GROUP
                0x00000000                CY_APPL_ORIGIN = 0x0
                0x00000100                CY_FLASH_ROW_SIZE = 0x100
                0x00000020                CY_ECC_ROW_SIZE = 0x20
                0x00000000                CY_EE_IN_BTLDR = 0x0
                0x00000000                CY_APPL_LOADABLE = 0x0
                0x00000800                CY_EE_SIZE = 0x800
                0x00000001                CY_APPL_NUM = 0x1
                0x00000001                CY_APPL_MAX = 0x1
                0x00000040                CY_METADATA_SIZE = 0x40
                0x00000000                CY_APPL_LOADABLE = 0x0
                0x00000000                CY_CHECKSUM_EXCLUDE_SIZE = ALIGN (0x0, CY_FLASH_ROW_SIZE)
                [!provide]                PROVIDE (__cy_heap_start, _end)
                0x00000001                PROVIDE (__cy_region_num, ((__cy_regions_end - __cy_regions) / 0x10))
                0x20008000                PROVIDE (__cy_stack, (ORIGIN (ram) + LENGTH (ram)))
                [!provide]                PROVIDE (__cy_heap_end, (__cy_stack - 0x800))

.cybootloader   0x00000000        0x0
 *(.cybootloader)
                0x00000000                appl1_start = CY_APPL_ORIGIN?CY_APPL_ORIGIN:ALIGN (CY_FLASH_ROW_SIZE)
                0x0001ff00                appl2_start = (appl1_start + ALIGN ((((LENGTH (rom) - appl1_start) - (0x2 * CY_FLASH_ROW_SIZE)) / 0x2), CY_FLASH_ROW_SIZE))
                0x00000000                appl_start = (CY_APPL_NUM == 0x1)?appl1_start:appl2_start
                0x00000000                ecc_offset = ((appl_start / CY_FLASH_ROW_SIZE) * CY_ECC_ROW_SIZE)
                0x00000000                ee_offset = (CY_APPL_LOADABLE && ! (CY_EE_IN_BTLDR))?((CY_EE_SIZE / CY_APPL_MAX) * (CY_APPL_NUM - 0x1)):0x0
                0x00000800                ee_size = (CY_APPL_LOADABLE && ! (CY_EE_IN_BTLDR))?(CY_EE_SIZE / CY_APPL_MAX):CY_EE_SIZE
                [!provide]                PROVIDE (CY_ECC_OFFSET, ecc_offset)

.text           0x00000000      0xfbe
 CREATE_OBJECT_SYMBOLS
                0x00000000                PROVIDE (__cy_interrupt_vector, RomVectors)
 *(.romvectors)
 .romvectors    0x00000000       0x10 .\CortexM3\ARM_GCC_541\Debug\Cm3Start.o
                0x00000000                RomVectors
                0x00000001                ASSERT ((. != __cy_interrupt_vector), No interrupt vector)
                0x00000001                ASSERT (CY_APPL_ORIGIN?(SIZEOF (.cybootloader) <= CY_APPL_ORIGIN):0x1, Wrong image location)
                0x00000010                PROVIDE (__cy_reset, Reset)
 *(.text.Reset)
 .text.Reset    0x00000010       0x18 .\CortexM3\ARM_GCC_541\Debug\Cm3Start.o
                0x00000010                Reset
                0x00000001                ASSERT ((. != __cy_reset), No reset code)
 *(.dma_init)
                0x00000001                ASSERT ((((appl_start + .) <= 0x10000) || 0x1), DMA Init must be within the first 64k of flash)
 *(.text .text.* .gnu.linkonce.t.*)
 .text          0x00000028       0x5c c:/program files (x86)/cypress/psoc creator/4.2/psoc creator/import/gnu/arm/5.4.1/bin/../lib/gcc/arm-none-eabi/5.4.1/armv7-m/crtbegin.o
 .text.isrADC_InterruptHandler
                0x00000084       0x14 .\CortexM3\ARM_GCC_541\Debug\main.o
                0x00000084                isrADC_InterruptHandler
 .text.Init     0x00000098       0x28 .\CortexM3\ARM_GCC_541\Debug\main.o
                0x00000098                Init
 .text.LowPassFilter
                0x000000c0       0x20 .\CortexM3\ARM_GCC_541\Debug\main.o
                0x000000c0                LowPassFilter
 .text.main     0x000000e0       0x7c .\CortexM3\ARM_GCC_541\Debug\main.o
                0x000000e0                main
 .text.CyClockStartupError
                0x0000015c        0x4 .\CortexM3\ARM_GCC_541\Debug\cyfitter_cfg.o
 .text.cfg_write_bytes32
                0x00000160       0x34 .\CortexM3\ARM_GCC_541\Debug\cyfitter_cfg.o
 .text.AnalogSetDefault
                0x00000194       0x44 .\CortexM3\ARM_GCC_541\Debug\cyfitter_cfg.o
 .text.CYMEMZERO
                0x000001d8        0xc .\CortexM3\ARM_GCC_541\Debug\cyfitter_cfg.o
 .text.CYCONFIGCPY
                0x000001e4        0x8 .\CortexM3\ARM_GCC_541\Debug\cyfitter_cfg.o
 .text.ClockSetup
                0x000001ec      0x10c .\CortexM3\ARM_GCC_541\Debug\cyfitter_cfg.o
 .text.cyfitter_cfg
                0x000002f8      0x11c .\CortexM3\ARM_GCC_541\Debug\cyfitter_cfg.o
                0x000002f8                cyfitter_cfg
 .text.IntDefaultHandler
                0x00000414       0x10 .\CortexM3\ARM_GCC_541\Debug\Cm3Start.o
                0x00000414                IntDefaultHandler
 .text.Start_c  0x00000424       0x4c .\CortexM3\ARM_GCC_541\Debug\Cm3Start.o
                0x00000424                Start_c
 .text.initialize_psoc
                0x00000470       0x68 .\CortexM3\ARM_GCC_541\Debug\Cm3Start.o
                0x00000470                initialize_psoc
 .text.Pin_LED_Write
                0x000004d8       0x18 .\CortexM3\ARM_GCC_541\Debug\Lock-in_H2O_02b.a(Pin_LED.o)
                0x000004d8                Pin_LED_Write
 .text.Filter_1_AddValue
                0x000004f0       0x98 .\CortexM3\ARM_GCC_541\Debug\Lock-in_H2O_02b.a(Filter_1.o)
                0x000004f0                Filter_1_AddValue
 .text.Button_1_myPollInt
                0x00000588       0x48 .\CortexM3\ARM_GCC_541\Debug\Lock-in_H2O_02b.a(Button_1.o)
                0x00000588                Button_1_myPollInt
 .text.Button_1_Start
                0x000005d0       0x10 .\CortexM3\ARM_GCC_541\Debug\Lock-in_H2O_02b.a(Button_1.o)
                0x000005d0                Button_1_Start
 .text.ADC_1_GainCompensation
                0x000005e0       0xdc .\CortexM3\ARM_GCC_541\Debug\Lock-in_H2O_02b.a(ADC_1.o)
 .text.ADC_1_SetDSMRef0Reg
                0x000006bc       0x4c .\CortexM3\ARM_GCC_541\Debug\Lock-in_H2O_02b.a(ADC_1.o)
 .text.ADC_1_InitConfig
                0x00000708       0xe8 .\CortexM3\ARM_GCC_541\Debug\Lock-in_H2O_02b.a(ADC_1.o)
 .text.ADC_1_Init
                0x000007f0       0xd0 .\CortexM3\ARM_GCC_541\Debug\Lock-in_H2O_02b.a(ADC_1.o)
                0x000007f0                ADC_1_Init
 .text.ADC_1_Enable
                0x000008c0       0xd8 .\CortexM3\ARM_GCC_541\Debug\Lock-in_H2O_02b.a(ADC_1.o)
                0x000008c0                ADC_1_Enable
 .text.ADC_1_Start
                0x00000998       0x28 .\CortexM3\ARM_GCC_541\Debug\Lock-in_H2O_02b.a(ADC_1.o)
                0x00000998                ADC_1_Start
 .text.ADC_1_StartConvert
                0x000009c0       0x10 .\CortexM3\ARM_GCC_541\Debug\Lock-in_H2O_02b.a(ADC_1.o)
                0x000009c0                ADC_1_StartConvert
 .text.ADC_1_GetResult32
                0x000009d0       0x6c .\CortexM3\ARM_GCC_541\Debug\Lock-in_H2O_02b.a(ADC_1.o)
                0x000009d0                ADC_1_GetResult32
 .text.ADC_1_ISR1
                0x00000a3c        0x4 .\CortexM3\ARM_GCC_541\Debug\Lock-in_H2O_02b.a(ADC_1_INT.o)
                0x00000a3c                ADC_1_ISR1
 .text.UART_1_Init
                0x00000a40       0x30 .\CortexM3\ARM_GCC_541\Debug\Lock-in_H2O_02b.a(UART_1.o)
                0x00000a40                UART_1_Init
 .text.UART_1_Enable
                0x00000a70       0x2c .\CortexM3\ARM_GCC_541\Debug\Lock-in_H2O_02b.a(UART_1.o)
                0x00000a70                UART_1_Enable
 .text.UART_1_Start
                0x00000a9c       0x1c .\CortexM3\ARM_GCC_541\Debug\Lock-in_H2O_02b.a(UART_1.o)
                0x00000a9c                UART_1_Start
 .text.UART_1_PutChar
                0x00000ab8       0x70 .\CortexM3\ARM_GCC_541\Debug\Lock-in_H2O_02b.a(UART_1.o)
                0x00000ab8                UART_1_PutChar
 .text.UART_1_PutArray
                0x00000b28       0x28 .\CortexM3\ARM_GCC_541\Debug\Lock-in_H2O_02b.a(UART_1.o)
                0x00000b28                UART_1_PutArray
 .text.UART_1_TXISR
                0x00000b50       0x58 .\CortexM3\ARM_GCC_541\Debug\Lock-in_H2O_02b.a(UART_1_INT.o)
                0x00000b50                UART_1_TXISR
 .text.isrADC_SetVector
                0x00000ba8        0xc .\CortexM3\ARM_GCC_541\Debug\Lock-in_H2O_02b.a(isrADC.o)
                0x00000ba8                isrADC_SetVector
 .text.isrADC_SetPriority
                0x00000bb4       0x10 .\CortexM3\ARM_GCC_541\Debug\Lock-in_H2O_02b.a(isrADC.o)
                0x00000bb4                isrADC_SetPriority
 .text.isrADC_Enable
                0x00000bc4        0xc .\CortexM3\ARM_GCC_541\Debug\Lock-in_H2O_02b.a(isrADC.o)
                0x00000bc4                isrADC_Enable
 .text.isrADC_Disable
                0x00000bd0        0xc .\CortexM3\ARM_GCC_541\Debug\Lock-in_H2O_02b.a(isrADC.o)
                0x00000bd0                isrADC_Disable
 .text.isrADC_StartEx
                0x00000bdc       0x1c .\CortexM3\ARM_GCC_541\Debug\Lock-in_H2O_02b.a(isrADC.o)
                0x00000bdc                isrADC_StartEx
 .text.Chart_1_Plot
                0x00000bf8       0x2c .\CortexM3\ARM_GCC_541\Debug\Lock-in_H2O_02b.a(Chart_1.o)
                0x00000bf8                Chart_1_Plot
 .text.Button_1_isrPoll_SetVector
                0x00000c24        0xc .\CortexM3\ARM_GCC_541\Debug\Lock-in_H2O_02b.a(Button_1_isrPoll.o)
                0x00000c24                Button_1_isrPoll_SetVector
 .text.Button_1_isrPoll_SetPriority
                0x00000c30       0x10 .\CortexM3\ARM_GCC_541\Debug\Lock-in_H2O_02b.a(Button_1_isrPoll.o)
                0x00000c30                Button_1_isrPoll_SetPriority
 .text.Button_1_isrPoll_Enable
                0x00000c40        0xc .\CortexM3\ARM_GCC_541\Debug\Lock-in_H2O_02b.a(Button_1_isrPoll.o)
                0x00000c40                Button_1_isrPoll_Enable
 .text.Button_1_isrPoll_Disable
                0x00000c4c        0xc .\CortexM3\ARM_GCC_541\Debug\Lock-in_H2O_02b.a(Button_1_isrPoll.o)
                0x00000c4c                Button_1_isrPoll_Disable
 .text.Button_1_isrPoll_StartEx
                0x00000c58       0x1c .\CortexM3\ARM_GCC_541\Debug\Lock-in_H2O_02b.a(Button_1_isrPoll.o)
                0x00000c58                Button_1_isrPoll_StartEx
 .text.ADC_1_Ext_CP_Clk_GetDividerRegister
                0x00000c74        0xc .\CortexM3\ARM_GCC_541\Debug\Lock-in_H2O_02b.a(ADC_1_Ext_CP_Clk.o)
                0x00000c74                ADC_1_Ext_CP_Clk_GetDividerRegister
 .text.ADC_1_Ext_CP_Clk_SetModeRegister
                0x00000c80       0x14 .\CortexM3\ARM_GCC_541\Debug\Lock-in_H2O_02b.a(ADC_1_Ext_CP_Clk.o)
                0x00000c80                ADC_1_Ext_CP_Clk_SetModeRegister
 .text.ADC_1_Ext_CP_Clk_GetSourceRegister
                0x00000c94       0x10 .\CortexM3\ARM_GCC_541\Debug\Lock-in_H2O_02b.a(ADC_1_Ext_CP_Clk.o)
                0x00000c94                ADC_1_Ext_CP_Clk_GetSourceRegister
 .text.ADC_1_Ext_CP_Clk_SetDividerRegister
                0x00000ca4       0xd8 .\CortexM3\ARM_GCC_541\Debug\Lock-in_H2O_02b.a(ADC_1_Ext_CP_Clk.o)
                0x00000ca4                ADC_1_Ext_CP_Clk_SetDividerRegister
 .text.ADC_1_theACLK_GetDividerRegister
                0x00000d7c        0xc .\CortexM3\ARM_GCC_541\Debug\Lock-in_H2O_02b.a(ADC_1_theACLK.o)
                0x00000d7c                ADC_1_theACLK_GetDividerRegister
 .text.ADC_1_theACLK_SetModeRegister
                0x00000d88       0x14 .\CortexM3\ARM_GCC_541\Debug\Lock-in_H2O_02b.a(ADC_1_theACLK.o)
                0x00000d88                ADC_1_theACLK_SetModeRegister
 .text.ADC_1_theACLK_GetSourceRegister
                0x00000d9c       0x10 .\CortexM3\ARM_GCC_541\Debug\Lock-in_H2O_02b.a(ADC_1_theACLK.o)
                0x00000d9c                ADC_1_theACLK_GetSourceRegister
 .text.ADC_1_theACLK_SetDividerRegister
                0x00000dac       0xd8 .\CortexM3\ARM_GCC_541\Debug\Lock-in_H2O_02b.a(ADC_1_theACLK.o)
                0x00000dac                ADC_1_theACLK_SetDividerRegister
 .text.CyHalt   0x00000e84        0x4 .\CortexM3\ARM_GCC_541\Debug\Lock-in_H2O_02b.a(CyLib.o)
                0x00000e84                CyHalt
 .text.CyDelay  0x00000e88       0x2c .\CortexM3\ARM_GCC_541\Debug\Lock-in_H2O_02b.a(CyLib.o)
                0x00000e88                CyDelay
 .text.CyDelayUs
                0x00000eb4       0x14 .\CortexM3\ARM_GCC_541\Debug\Lock-in_H2O_02b.a(CyLib.o)
                0x00000eb4                CyDelayUs
 .text.CyIntSetVector
                0x00000ec8       0x28 .\CortexM3\ARM_GCC_541\Debug\Lock-in_H2O_02b.a(CyLib.o)
                0x00000ec8                CyIntSetVector
 .text.CyIntSetPriority
                0x00000ef0       0x30 .\CortexM3\ARM_GCC_541\Debug\Lock-in_H2O_02b.a(CyLib.o)
                0x00000ef0                CyIntSetPriority
 .text          0x00000f20       0x20 .\CortexM3\ARM_GCC_541\Debug\Lock-in_H2O_02b.a(CyBootAsmGnu.o)
                0x00000f20                CyDelayCycles
                0x00000f30                CyEnterCriticalSection
                0x00000f38                CyExitCriticalSection
 .text.__errno  0x00000f40        0xc c:/program files (x86)/cypress/psoc creator/4.2/psoc creator/import/gnu/arm/5.4.1/bin/../lib/gcc/arm-none-eabi/5.4.1/../../../../arm-none-eabi/lib/armv7-m\libg_nano.a(lib_a-errno.o)
                0x00000f40                __errno
 .text.__libc_init_array
                0x00000f4c       0x4c c:/program files (x86)/cypress/psoc creator/4.2/psoc creator/import/gnu/arm/5.4.1/bin/../lib/gcc/arm-none-eabi/5.4.1/../../../../arm-none-eabi/lib/armv7-m\libg_nano.a(lib_a-init.o)
                0x00000f4c                __libc_init_array
 .text.memcpy   0x00000f98       0x16 c:/program files (x86)/cypress/psoc creator/4.2/psoc creator/import/gnu/arm/5.4.1/bin/../lib/gcc/arm-none-eabi/5.4.1/../../../../arm-none-eabi/lib/armv7-m\libg_nano.a(lib_a-memcpy-stub.o)
                0x00000f98                memcpy
 .text.memset   0x00000fae       0x10 c:/program files (x86)/cypress/psoc creator/4.2/psoc creator/import/gnu/arm/5.4.1/bin/../lib/gcc/arm-none-eabi/5.4.1/../../../../arm-none-eabi/lib/armv7-m\libg_nano.a(lib_a-memset.o)
                0x00000fae                memset
 *(.plt)
 *(.gnu.warning)
 *(.glue_7t)
 .glue_7t       0x00000fbe        0x0 linker stubs
 *(.glue_7)
 .glue_7        0x00000fbe        0x0 linker stubs
 *(.vfp11_veneer)
 .vfp11_veneer  0x00000fbe        0x0 linker stubs
 *(.bootloader)
 *(.ARM.extab* .gnu.linkonce.armextab.*)
 *(.gcc_except_table)

.v4_bx          0x00000fc0        0x0
 .v4_bx         0x00000fc0        0x0 linker stubs

.iplt           0x00000fc0        0x0
 .iplt          0x00000fc0        0x0 c:/program files (x86)/cypress/psoc creator/4.2/psoc creator/import/gnu/arm/5.4.1/bin/../lib/gcc/arm-none-eabi/5.4.1/armv7-m/crtbegin.o

.eh_frame_hdr
 *(.eh_frame_hdr)

.eh_frame       0x00000fc0        0x4
 *(.eh_frame)
 .eh_frame      0x00000fc0        0x0 c:/program files (x86)/cypress/psoc creator/4.2/psoc creator/import/gnu/arm/5.4.1/bin/../lib/gcc/arm-none-eabi/5.4.1/armv7-m/crtbegin.o
 .eh_frame      0x00000fc0        0x4 c:/program files (x86)/cypress/psoc creator/4.2/psoc creator/import/gnu/arm/5.4.1/bin/../lib/gcc/arm-none-eabi/5.4.1/armv7-m/crtend.o
                [!provide]                PROVIDE (__exidx_start, .)

.ARM.exidx
 *(.ARM.exidx* .gnu.linkonce.armexidx.*)
                0x00000fc4                __exidx_end = .

.rodata         0x00000fc4       0x64
 *(.rodata .rodata.* .gnu.linkonce.r.*)
 .rodata        0x00000fc4       0x2a .\CortexM3\ARM_GCC_541\Debug\cyfitter_cfg.o
 .rodata.str1.1
                0x00000fee        0x2 c:/program files (x86)/cypress/psoc creator/4.2/psoc creator/import/gnu/arm/5.4.1/bin/../lib/gcc/arm-none-eabi/5.4.1/../../../../arm-none-eabi/lib/armv7-m\libg_nano.a(lib_a-impure.o)
                0x00000ff0                . = ALIGN (0x4)
 *(.init)
 .init          0x00000ff0        0x4 c:/program files (x86)/cypress/psoc creator/4.2/psoc creator/import/gnu/arm/5.4.1/bin/../lib/gcc/arm-none-eabi/5.4.1/armv7-m/crti.o
                0x00000ff0                _init
 .init          0x00000ff4        0x8 c:/program files (x86)/cypress/psoc creator/4.2/psoc creator/import/gnu/arm/5.4.1/bin/../lib/gcc/arm-none-eabi/5.4.1/armv7-m/crtn.o
                0x00000ffc                . = ALIGN (0x4)
                0x00000ffc                __preinit_array_start = .
 *(.preinit_array)
                0x00000ffc                __preinit_array_end = .
                0x00000ffc                . = ALIGN (0x4)
                0x00000ffc                __init_array_start = .
 *(SORT(.init_array.*))
 *(.init_array)
 .init_array    0x00000ffc        0x4 c:/program files (x86)/cypress/psoc creator/4.2/psoc creator/import/gnu/arm/5.4.1/bin/../lib/gcc/arm-none-eabi/5.4.1/armv7-m/crtbegin.o
 .init_array    0x00001000        0x4 .\CortexM3\ARM_GCC_541\Debug\Cm3Start.o
                0x00001004                __init_array_end = .
                0x00001004                . = ALIGN (0x4)
 *(.fini)
 .fini          0x00001004        0x4 c:/program files (x86)/cypress/psoc creator/4.2/psoc creator/import/gnu/arm/5.4.1/bin/../lib/gcc/arm-none-eabi/5.4.1/armv7-m/crti.o
                0x00001004                _fini
 .fini          0x00001008        0x8 c:/program files (x86)/cypress/psoc creator/4.2/psoc creator/import/gnu/arm/5.4.1/bin/../lib/gcc/arm-none-eabi/5.4.1/armv7-m/crtn.o
                0x00001010                . = ALIGN (0x4)
                0x00001010                __fini_array_start = .
 *(.fini_array)
 .fini_array    0x00001010        0x4 c:/program files (x86)/cypress/psoc creator/4.2/psoc creator/import/gnu/arm/5.4.1/bin/../lib/gcc/arm-none-eabi/5.4.1/armv7-m/crtbegin.o
 *(SORT(.fini_array.*))
                0x00001014                __fini_array_end = .
                0x00001014                . = ALIGN (0x4)
 *crtbegin.o(.ctors)
 *(EXCLUDE_FILE(*crtend.o) .ctors)
 *(SORT(.ctors.*))
 *crtend.o(.ctors)
                0x00001014                . = ALIGN (0x4)
 *crtbegin.o(.dtors)
 *(EXCLUDE_FILE(*crtend.o) .dtors)
 *(SORT(.dtors.*))
 *crtend.o(.dtors)
                0x00001014                . = ALIGN (0x4)
                0x00001014                __cy_regions = .
                0x00001014        0x4 LONG 0x1028 __cy_region_init_ram
                0x00001018        0x4 LONG 0x1fff80c8 __cy_region_start_data
                0x0000101c        0x4 LONG 0x90 __cy_region_init_size_ram
                0x00001020        0x4 LONG 0x128 __cy_region_zero_size_ram
                0x00001024                __cy_regions_end = .
                0x00001028                . = ALIGN (0x8)
 *fill*         0x00001024        0x4 
                0x00001028                _etext = .

.cy_checksum_exclude
                0x00001028        0x0
 *(.cy_checksum_exclude)

.ramvectors     0x1fff8000       0xc0
                0x1fff8000                __cy_region_start_ram = .
 *(.ramvectors)
 .ramvectors    0x1fff8000       0xc0 .\CortexM3\ARM_GCC_541\Debug\Cm3Start.o
                0x1fff8000                CyRamVectors

.noinit         0x1fff80c0        0x1
 *(.noinit)
 .noinit        0x1fff80c0        0x1 .\CortexM3\ARM_GCC_541\Debug\Lock-in_H2O_02b.a(CyLib.o)
                0x1fff80c0                CyResetStatus

.data           0x1fff80c8       0x90 load address 0x00001028
                0x1fff80c8                __cy_region_start_data = .
 *(.jcr)
 .jcr           0x1fff80c8        0x0 c:/program files (x86)/cypress/psoc creator/4.2/psoc creator/import/gnu/arm/5.4.1/bin/../lib/gcc/arm-none-eabi/5.4.1/armv7-m/crtbegin.o
 .jcr           0x1fff80c8        0x4 c:/program files (x86)/cypress/psoc creator/4.2/psoc creator/import/gnu/arm/5.4.1/bin/../lib/gcc/arm-none-eabi/5.4.1/armv7-m/crtend.o
 *(.got.plt)
 *(.got)
 *(.shdata)
 *(.data .data.* .gnu.linkonce.d.*)
 .data          0x1fff80cc       0x14 .\CortexM3\ARM_GCC_541\Debug\Lock-in_H2O_02b.a(Filter_1.o)
 .data          0x1fff80e0        0x1 .\CortexM3\ARM_GCC_541\Debug\Lock-in_H2O_02b.a(ADC_1.o)
                0x1fff80e0                ADC_1_Config
 *fill*         0x1fff80e1        0x3 
 .data          0x1fff80e4       0x10 .\CortexM3\ARM_GCC_541\Debug\Lock-in_H2O_02b.a(CyLib.o)
                0x1fff80e4                cydelay_32k_ms
                0x1fff80e8                cydelay_freq_khz
                0x1fff80ec                cydelay_freq_mhz
                0x1fff80f0                cydelay_freq_hz
 .data.impure_data
                0x1fff80f4       0x60 c:/program files (x86)/cypress/psoc creator/4.2/psoc creator/import/gnu/arm/5.4.1/bin/../lib/gcc/arm-none-eabi/5.4.1/../../../../arm-none-eabi/lib/armv7-m\libg_nano.a(lib_a-impure.o)
 .data._impure_ptr
                0x1fff8154        0x4 c:/program files (x86)/cypress/psoc creator/4.2/psoc creator/import/gnu/arm/5.4.1/bin/../lib/gcc/arm-none-eabi/5.4.1/../../../../arm-none-eabi/lib/armv7-m\libg_nano.a(lib_a-impure.o)
                0x1fff8154                _impure_ptr
                0x1fff8158                . = ALIGN (0x8)
 *(.ram)
                0x1fff8158                _edata = .

.igot.plt       0x1fff8158        0x0 load address 0x000010b8
 .igot.plt      0x1fff8158        0x0 c:/program files (x86)/cypress/psoc creator/4.2/psoc creator/import/gnu/arm/5.4.1/bin/../lib/gcc/arm-none-eabi/5.4.1/armv7-m/crtbegin.o

.bss            0x1fff8158      0x128 load address 0x000010b8
                0x1fff8158                PROVIDE (__bss_start__, .)
 *(.shbss)
 *(.bss .bss.* .gnu.linkonce.b.*)
 .bss           0x1fff8158       0x1c c:/program files (x86)/cypress/psoc creator/4.2/psoc creator/import/gnu/arm/5.4.1/bin/../lib/gcc/arm-none-eabi/5.4.1/armv7-m/crtbegin.o
 .bss           0x1fff8174       0x10 .\CortexM3\ARM_GCC_541\Debug\main.o
                0x1fff8180                ADC_Offset
 .bss           0x1fff8184       0xa8 .\CortexM3\ARM_GCC_541\Debug\Lock-in_H2O_02b.a(Filter_1.o)
 .bss           0x1fff822c        0xc .\CortexM3\ARM_GCC_541\Debug\Lock-in_H2O_02b.a(Button_1.o)
 .bss           0x1fff8238        0x8 .\CortexM3\ARM_GCC_541\Debug\Lock-in_H2O_02b.a(ADC_1.o)
                0x1fff823c                ADC_1_stopConversion
                0x1fff823d                ADC_1_convDone
                0x1fff823e                ADC_1_initVar
                0x1fff823f                ADC_1_started
 .bss           0x1fff8240        0x4 .\CortexM3\ARM_GCC_541\Debug\Lock-in_H2O_02b.a(UART_1.o)
                0x1fff8240                UART_1_initVar
                0x1fff8241                UART_1_txBufferRead
                0x1fff8242                UART_1_txBufferWrite
 *(COMMON)
 COMMON         0x1fff8244        0x8 .\CortexM3\ARM_GCC_541\Debug\main.o
                0x1fff8244                Button_1_Pressed
                0x1fff8248                Med_filter
 COMMON         0x1fff824c        0x8 .\CortexM3\ARM_GCC_541\Debug\Lock-in_H2O_02b.a(ADC_1.o)
                0x1fff824c                ADC_1_Offset
                0x1fff8250                ADC_1_CountsPerVolt
 COMMON         0x1fff8254       0x28 .\CortexM3\ARM_GCC_541\Debug\Lock-in_H2O_02b.a(UART_1.o)
                0x1fff8254                UART_1_txBuffer
                0x1fff8280                . = ALIGN (0x8)
 *fill*         0x1fff827c        0x4 
 *(.ram.b)
                0x1fff8280                _end = .
                0x1fff8280                __end = .
                0x1fff8280                PROVIDE (end, .)
                0x1fff8280                PROVIDE (__bss_end__, .)
                0x00001028                __cy_region_init_ram = LOADADDR (.data)
                0x00000090                __cy_region_init_size_ram = (_edata - ADDR (.data))
                0x00000128                __cy_region_zero_size_ram = (_end - _edata)

.heap           0x1fff8280       0x80 load address 0x000010b8
                0x1fff8280                . = _end
                0x1fff8300                . = (. + 0x80)
 *fill*         0x1fff8280       0x80 
                0x1fff8300                __cy_heap_limit = .

.stack          0x20007800      0x800
                0x20007800                __cy_stack_limit = .
                0x20008000                . = (. + 0x800)
 *fill*         0x20007800      0x800 
                0x00000001                ASSERT ((__cy_stack_limit >= __cy_heap_limit), region RAM overflowed with stack)
                0x00000000                cy_checksum_exclude_size = (CY_APPL_LOADABLE == 0x1)?SIZEOF (.cy_checksum_exclude):0x0
                0x00000001                ASSERT ((cy_checksum_exclude_size <= CY_CHECKSUM_EXCLUDE_SIZE), CY_BOOT: Section .cy_checksum_exclude size exceedes specified limit.)

.cyloadermeta
 *(.cyloadermeta)

.cyloadablemeta
 *(.cyloadablemeta)

.cyconfigecc    0x80000000      0x260
 *(.cyconfigecc)
 .cyconfigecc   0x80000000      0x260 .\CortexM3\ARM_GCC_541\Debug\cymetadata.o
                0x80000000                cy_meta_configecc

.cycustnvl      0x90000000        0x4
 *(.cycustnvl)
 .cycustnvl     0x90000000        0x4 .\CortexM3\ARM_GCC_541\Debug\cymetadata.o
                0x90000000                cy_meta_custnvl

.cywolatch      0x90100000        0x4
 *(.cywolatch)
 .cywolatch     0x90100000        0x4 .\CortexM3\ARM_GCC_541\Debug\cymetadata.o
                0x90100000                cy_meta_wonvl

.cyeeprom       0x90200000        0x0
 *(.cyeeprom)
                0x00000001                ASSERT ((. <= ((0x90200000 + ee_offset) + ee_size)), .cyeeprom data will not fit in EEPROM)

.cyflashprotect
                0x90400000      0x100
 *(.cyflashprotect)
 .cyflashprotect
                0x90400000      0x100 .\CortexM3\ARM_GCC_541\Debug\cymetadata.o
                0x90400000                cy_meta_flashprotect

.cymeta         0x90500000        0xc
 *(.cymeta)
 .cymeta        0x90500000        0xc .\CortexM3\ARM_GCC_541\Debug\cymetadata.o
                0x90500000                cy_metadata

.rel.dyn        0x000010b8        0x0 load address 0x9050000c
 .rel.iplt      0x000010b8        0x0 c:/program files (x86)/cypress/psoc creator/4.2/psoc creator/import/gnu/arm/5.4.1/bin/../lib/gcc/arm-none-eabi/5.4.1/armv7-m/crtbegin.o

.stab
 *(.stab)

.stabstr
 *(.stabstr)

.debug
 *(.debug)

.line
 *(.line)

.debug_srcinfo
 *(.debug_srcinfo)

.debug_sfnames
 *(.debug_sfnames)

.debug_aranges  0x00000000      0x9c0
 *(.debug_aranges)
 .debug_aranges
                0x00000000       0x38 .\CortexM3\ARM_GCC_541\Debug\main.o
 .debug_aranges
                0x00000038       0x58 .\CortexM3\ARM_GCC_541\Debug\cyfitter_cfg.o
 .debug_aranges
                0x00000090       0x18 .\CortexM3\ARM_GCC_541\Debug\cymetadata.o
 .debug_aranges
                0x000000a8       0x48 .\CortexM3\ARM_GCC_541\Debug\Cm3Start.o
 .debug_aranges
                0x000000f0       0x38 .\CortexM3\ARM_GCC_541\Debug\Lock-in_H2O_02b.a(Pin_LED.o)
 .debug_aranges
                0x00000128       0x20 .\CortexM3\ARM_GCC_541\Debug\Lock-in_H2O_02b.a(Filter_1.o)
 .debug_aranges
                0x00000148       0x38 .\CortexM3\ARM_GCC_541\Debug\Lock-in_H2O_02b.a(Button_1.o)
 .debug_aranges
                0x00000180       0xe8 .\CortexM3\ARM_GCC_541\Debug\Lock-in_H2O_02b.a(ADC_1.o)
 .debug_aranges
                0x00000268       0x38 .\CortexM3\ARM_GCC_541\Debug\Lock-in_H2O_02b.a(ADC_1_INT.o)
 .debug_aranges
                0x000002a0       0xa0 .\CortexM3\ARM_GCC_541\Debug\Lock-in_H2O_02b.a(UART_1.o)
 .debug_aranges
                0x00000340       0x20 .\CortexM3\ARM_GCC_541\Debug\Lock-in_H2O_02b.a(UART_1_INT.o)
 .debug_aranges
                0x00000360       0x80 .\CortexM3\ARM_GCC_541\Debug\Lock-in_H2O_02b.a(isrADC.o)
 .debug_aranges
                0x000003e0       0x20 .\CortexM3\ARM_GCC_541\Debug\Lock-in_H2O_02b.a(Chart_1.o)
 .debug_aranges
                0x00000400       0x80 .\CortexM3\ARM_GCC_541\Debug\Lock-in_H2O_02b.a(Button_1_isrPoll.o)
 .debug_aranges
                0x00000480       0x70 .\CortexM3\ARM_GCC_541\Debug\Lock-in_H2O_02b.a(ADC_1_Ext_CP_Clk.o)
 .debug_aranges
                0x000004f0       0x80 .\CortexM3\ARM_GCC_541\Debug\Lock-in_H2O_02b.a(ADC_1_theACLK.o)
 .debug_aranges
                0x00000570      0x2a0 .\CortexM3\ARM_GCC_541\Debug\Lock-in_H2O_02b.a(CyLib.o)
 .debug_aranges
                0x00000810       0x98 .\CortexM3\ARM_GCC_541\Debug\Lock-in_H2O_02b.a(cyPm.o)
 .debug_aranges
                0x000008a8       0x20 .\CortexM3\ARM_GCC_541\Debug\Lock-in_H2O_02b.a(CyBootAsmGnu.o)
 .debug_aranges
                0x000008c8       0x80 .\CortexM3\ARM_GCC_541\Debug\Lock-in_H2O_02b.a(CyFlash.o)
 .debug_aranges
                0x00000948       0x78 .\CortexM3\ARM_GCC_541\Debug\Lock-in_H2O_02b.a(CySpc.o)

.debug_pubnames
 *(.debug_pubnames)

.debug_info     0x00000000     0x5943
 *(.debug_info .gnu.linkonce.wi.*)
 .debug_info    0x00000000      0x331 .\CortexM3\ARM_GCC_541\Debug\main.o
 .debug_info    0x00000331      0x53b .\CortexM3\ARM_GCC_541\Debug\cyfitter_cfg.o
 .debug_info    0x0000086c      0x135 .\CortexM3\ARM_GCC_541\Debug\cymetadata.o
 .debug_info    0x000009a1      0x3b5 .\CortexM3\ARM_GCC_541\Debug\Cm3Start.o
 .debug_info    0x00000d56      0x11f .\CortexM3\ARM_GCC_541\Debug\Lock-in_H2O_02b.a(Pin_LED.o)
 .debug_info    0x00000e75      0x1e1 .\CortexM3\ARM_GCC_541\Debug\Lock-in_H2O_02b.a(Filter_1.o)
 .debug_info    0x00001056      0x2d5 .\CortexM3\ARM_GCC_541\Debug\Lock-in_H2O_02b.a(Button_1.o)
 .debug_info    0x0000132b      0xa00 .\CortexM3\ARM_GCC_541\Debug\Lock-in_H2O_02b.a(ADC_1.o)
 .debug_info    0x00001d2b       0xd3 .\CortexM3\ARM_GCC_541\Debug\Lock-in_H2O_02b.a(ADC_1_INT.o)
 .debug_info    0x00001dfe      0x4eb .\CortexM3\ARM_GCC_541\Debug\Lock-in_H2O_02b.a(UART_1.o)
 .debug_info    0x000022e9       0xf6 .\CortexM3\ARM_GCC_541\Debug\Lock-in_H2O_02b.a(UART_1_INT.o)
 .debug_info    0x000023df      0x2d2 .\CortexM3\ARM_GCC_541\Debug\Lock-in_H2O_02b.a(isrADC.o)
 .debug_info    0x000026b1      0x19f .\CortexM3\ARM_GCC_541\Debug\Lock-in_H2O_02b.a(Chart_1.o)
 .debug_info    0x00002850      0x2d2 .\CortexM3\ARM_GCC_541\Debug\Lock-in_H2O_02b.a(Button_1_isrPoll.o)
 .debug_info    0x00002b22      0x283 .\CortexM3\ARM_GCC_541\Debug\Lock-in_H2O_02b.a(ADC_1_Ext_CP_Clk.o)
 .debug_info    0x00002da5      0x2c4 .\CortexM3\ARM_GCC_541\Debug\Lock-in_H2O_02b.a(ADC_1_theACLK.o)
 .debug_info    0x00003069     0x1374 .\CortexM3\ARM_GCC_541\Debug\Lock-in_H2O_02b.a(CyLib.o)
 .debug_info    0x000043dd      0xa1d .\CortexM3\ARM_GCC_541\Debug\Lock-in_H2O_02b.a(cyPm.o)
 .debug_info    0x00004dfa       0xa8 .\CortexM3\ARM_GCC_541\Debug\Lock-in_H2O_02b.a(CyBootAsmGnu.o)
 .debug_info    0x00004ea2      0x5b8 .\CortexM3\ARM_GCC_541\Debug\Lock-in_H2O_02b.a(CyFlash.o)
 .debug_info    0x0000545a      0x4e9 .\CortexM3\ARM_GCC_541\Debug\Lock-in_H2O_02b.a(CySpc.o)

.debug_abbrev   0x00000000     0x1a10
 *(.debug_abbrev)
 .debug_abbrev  0x00000000      0x161 .\CortexM3\ARM_GCC_541\Debug\main.o
 .debug_abbrev  0x00000161      0x1fe .\CortexM3\ARM_GCC_541\Debug\cyfitter_cfg.o
 .debug_abbrev  0x0000035f       0x66 .\CortexM3\ARM_GCC_541\Debug\cymetadata.o
 .debug_abbrev  0x000003c5      0x1e8 .\CortexM3\ARM_GCC_541\Debug\Cm3Start.o
 .debug_abbrev  0x000005ad       0x90 .\CortexM3\ARM_GCC_541\Debug\Lock-in_H2O_02b.a(Pin_LED.o)
 .debug_abbrev  0x0000063d      0x10d .\CortexM3\ARM_GCC_541\Debug\Lock-in_H2O_02b.a(Filter_1.o)
 .debug_abbrev  0x0000074a      0x146 .\CortexM3\ARM_GCC_541\Debug\Lock-in_H2O_02b.a(Button_1.o)
 .debug_abbrev  0x00000890      0x1cd .\CortexM3\ARM_GCC_541\Debug\Lock-in_H2O_02b.a(ADC_1.o)
 .debug_abbrev  0x00000a5d       0x42 .\CortexM3\ARM_GCC_541\Debug\Lock-in_H2O_02b.a(ADC_1_INT.o)
 .debug_abbrev  0x00000a9f      0x16f .\CortexM3\ARM_GCC_541\Debug\Lock-in_H2O_02b.a(UART_1.o)
 .debug_abbrev  0x00000c0e       0x79 .\CortexM3\ARM_GCC_541\Debug\Lock-in_H2O_02b.a(UART_1_INT.o)
 .debug_abbrev  0x00000c87      0x173 .\CortexM3\ARM_GCC_541\Debug\Lock-in_H2O_02b.a(isrADC.o)
 .debug_abbrev  0x00000dfa      0x10a .\CortexM3\ARM_GCC_541\Debug\Lock-in_H2O_02b.a(Chart_1.o)
 .debug_abbrev  0x00000f04      0x173 .\CortexM3\ARM_GCC_541\Debug\Lock-in_H2O_02b.a(Button_1_isrPoll.o)
 .debug_abbrev  0x00001077      0x139 .\CortexM3\ARM_GCC_541\Debug\Lock-in_H2O_02b.a(ADC_1_Ext_CP_Clk.o)
 .debug_abbrev  0x000011b0      0x121 .\CortexM3\ARM_GCC_541\Debug\Lock-in_H2O_02b.a(ADC_1_theACLK.o)
 .debug_abbrev  0x000012d1      0x254 .\CortexM3\ARM_GCC_541\Debug\Lock-in_H2O_02b.a(CyLib.o)
 .debug_abbrev  0x00001525      0x1ab .\CortexM3\ARM_GCC_541\Debug\Lock-in_H2O_02b.a(cyPm.o)
 .debug_abbrev  0x000016d0       0x14 .\CortexM3\ARM_GCC_541\Debug\Lock-in_H2O_02b.a(CyBootAsmGnu.o)
 .debug_abbrev  0x000016e4      0x198 .\CortexM3\ARM_GCC_541\Debug\Lock-in_H2O_02b.a(CyFlash.o)
 .debug_abbrev  0x0000187c      0x194 .\CortexM3\ARM_GCC_541\Debug\Lock-in_H2O_02b.a(CySpc.o)

.debug_line     0x00000000     0x2921
 *(.debug_line)
 .debug_line    0x00000000      0x211 .\CortexM3\ARM_GCC_541\Debug\main.o
 .debug_line    0x00000211      0x1e8 .\CortexM3\ARM_GCC_541\Debug\cyfitter_cfg.o
 .debug_line    0x000003f9      0x141 .\CortexM3\ARM_GCC_541\Debug\cymetadata.o
 .debug_line    0x0000053a      0x234 .\CortexM3\ARM_GCC_541\Debug\Cm3Start.o
 .debug_line    0x0000076e       0x94 .\CortexM3\ARM_GCC_541\Debug\Lock-in_H2O_02b.a(Pin_LED.o)
 .debug_line    0x00000802      0x1ae .\CortexM3\ARM_GCC_541\Debug\Lock-in_H2O_02b.a(Filter_1.o)
 .debug_line    0x000009b0      0x1de .\CortexM3\ARM_GCC_541\Debug\Lock-in_H2O_02b.a(Button_1.o)
 .debug_line    0x00000b8e      0x35f .\CortexM3\ARM_GCC_541\Debug\Lock-in_H2O_02b.a(ADC_1.o)
 .debug_line    0x00000eed       0x82 .\CortexM3\ARM_GCC_541\Debug\Lock-in_H2O_02b.a(ADC_1_INT.o)
 .debug_line    0x00000f6f      0x216 .\CortexM3\ARM_GCC_541\Debug\Lock-in_H2O_02b.a(UART_1.o)
 .debug_line    0x00001185       0x81 .\CortexM3\ARM_GCC_541\Debug\Lock-in_H2O_02b.a(UART_1_INT.o)
 .debug_line    0x00001206      0x133 .\CortexM3\ARM_GCC_541\Debug\Lock-in_H2O_02b.a(isrADC.o)
 .debug_line    0x00001339      0x188 .\CortexM3\ARM_GCC_541\Debug\Lock-in_H2O_02b.a(Chart_1.o)
 .debug_line    0x000014c1      0x13d .\CortexM3\ARM_GCC_541\Debug\Lock-in_H2O_02b.a(Button_1_isrPoll.o)
 .debug_line    0x000015fe      0x17f .\CortexM3\ARM_GCC_541\Debug\Lock-in_H2O_02b.a(ADC_1_Ext_CP_Clk.o)
 .debug_line    0x0000177d      0x19f .\CortexM3\ARM_GCC_541\Debug\Lock-in_H2O_02b.a(ADC_1_theACLK.o)
 .debug_line    0x0000191c      0x816 .\CortexM3\ARM_GCC_541\Debug\Lock-in_H2O_02b.a(CyLib.o)
 .debug_line    0x00002132      0x364 .\CortexM3\ARM_GCC_541\Debug\Lock-in_H2O_02b.a(cyPm.o)
 .debug_line    0x00002496       0x66 .\CortexM3\ARM_GCC_541\Debug\Lock-in_H2O_02b.a(CyBootAsmGnu.o)
 .debug_line    0x000024fc      0x1e9 .\CortexM3\ARM_GCC_541\Debug\Lock-in_H2O_02b.a(CyFlash.o)
 .debug_line    0x000026e5      0x23c .\CortexM3\ARM_GCC_541\Debug\Lock-in_H2O_02b.a(CySpc.o)

.debug_frame    0x00000000     0x188c
 *(.debug_frame)
 .debug_frame   0x00000000       0x78 .\CortexM3\ARM_GCC_541\Debug\main.o
 .debug_frame   0x00000078       0xe4 .\CortexM3\ARM_GCC_541\Debug\cyfitter_cfg.o
 .debug_frame   0x0000015c       0xb8 .\CortexM3\ARM_GCC_541\Debug\Cm3Start.o
 .debug_frame   0x00000214       0x50 .\CortexM3\ARM_GCC_541\Debug\Lock-in_H2O_02b.a(Pin_LED.o)
 .debug_frame   0x00000264       0x3c .\CortexM3\ARM_GCC_541\Debug\Lock-in_H2O_02b.a(Filter_1.o)
 .debug_frame   0x000002a0       0x80 .\CortexM3\ARM_GCC_541\Debug\Lock-in_H2O_02b.a(Button_1.o)
 .debug_frame   0x00000320      0x284 .\CortexM3\ARM_GCC_541\Debug\Lock-in_H2O_02b.a(ADC_1.o)
 .debug_frame   0x000005a4       0x50 .\CortexM3\ARM_GCC_541\Debug\Lock-in_H2O_02b.a(ADC_1_INT.o)
 .debug_frame   0x000005f4      0x1a4 .\CortexM3\ARM_GCC_541\Debug\Lock-in_H2O_02b.a(UART_1.o)
 .debug_frame   0x00000798       0x20 .\CortexM3\ARM_GCC_541\Debug\Lock-in_H2O_02b.a(UART_1_INT.o)
 .debug_frame   0x000007b8      0x104 .\CortexM3\ARM_GCC_541\Debug\Lock-in_H2O_02b.a(isrADC.o)
 .debug_frame   0x000008bc       0x2c .\CortexM3\ARM_GCC_541\Debug\Lock-in_H2O_02b.a(Chart_1.o)
 .debug_frame   0x000008e8      0x104 .\CortexM3\ARM_GCC_541\Debug\Lock-in_H2O_02b.a(Button_1_isrPoll.o)
 .debug_frame   0x000009ec       0xe0 .\CortexM3\ARM_GCC_541\Debug\Lock-in_H2O_02b.a(ADC_1_Ext_CP_Clk.o)
 .debug_frame   0x00000acc      0x100 .\CortexM3\ARM_GCC_541\Debug\Lock-in_H2O_02b.a(ADC_1_theACLK.o)
 .debug_frame   0x00000bcc      0x738 .\CortexM3\ARM_GCC_541\Debug\Lock-in_H2O_02b.a(CyLib.o)
 .debug_frame   0x00001304      0x1f8 .\CortexM3\ARM_GCC_541\Debug\Lock-in_H2O_02b.a(cyPm.o)
 .debug_frame   0x000014fc      0x174 .\CortexM3\ARM_GCC_541\Debug\Lock-in_H2O_02b.a(CyFlash.o)
 .debug_frame   0x00001670      0x160 .\CortexM3\ARM_GCC_541\Debug\Lock-in_H2O_02b.a(CySpc.o)
 .debug_frame   0x000017d0       0x20 c:/program files (x86)/cypress/psoc creator/4.2/psoc creator/import/gnu/arm/5.4.1/bin/../lib/gcc/arm-none-eabi/5.4.1/../../../../arm-none-eabi/lib/armv7-m\libg_nano.a(lib_a-errno.o)
 .debug_frame   0x000017f0       0x28 c:/program files (x86)/cypress/psoc creator/4.2/psoc creator/import/gnu/arm/5.4.1/bin/../lib/gcc/arm-none-eabi/5.4.1/../../../../arm-none-eabi/lib/armv7-m\libg_nano.a(lib_a-exit.o)
 .debug_frame   0x00001818       0x2c c:/program files (x86)/cypress/psoc creator/4.2/psoc creator/import/gnu/arm/5.4.1/bin/../lib/gcc/arm-none-eabi/5.4.1/../../../../arm-none-eabi/lib/armv7-m\libg_nano.a(lib_a-init.o)
 .debug_frame   0x00001844       0x28 c:/program files (x86)/cypress/psoc creator/4.2/psoc creator/import/gnu/arm/5.4.1/bin/../lib/gcc/arm-none-eabi/5.4.1/../../../../arm-none-eabi/lib/armv7-m\libg_nano.a(lib_a-memcpy-stub.o)
 .debug_frame   0x0000186c       0x20 c:/program files (x86)/cypress/psoc creator/4.2/psoc creator/import/gnu/arm/5.4.1/bin/../lib/gcc/arm-none-eabi/5.4.1/../../../../arm-none-eabi/lib/armv7-m\libg_nano.a(lib_a-memset.o)

.debug_str      0x00000000     0x20a9
 *(.debug_str)
 .debug_str     0x00000000      0x2a0 .\CortexM3\ARM_GCC_541\Debug\main.o
                                0x2fa (size before relaxing)
 .debug_str     0x000002a0      0x17a .\CortexM3\ARM_GCC_541\Debug\cyfitter_cfg.o
                                0x327 (size before relaxing)
 .debug_str     0x0000041a       0x7f .\CortexM3\ARM_GCC_541\Debug\cymetadata.o
                                0x1fc (size before relaxing)
 .debug_str     0x00000499      0x144 .\CortexM3\ARM_GCC_541\Debug\Cm3Start.o
                                0x322 (size before relaxing)
 .debug_str     0x000005dd       0x67 .\CortexM3\ARM_GCC_541\Debug\Lock-in_H2O_02b.a(Pin_LED.o)
                                0x204 (size before relaxing)
 .debug_str     0x00000644       0x61 .\CortexM3\ARM_GCC_541\Debug\Lock-in_H2O_02b.a(Filter_1.o)
                                0x256 (size before relaxing)
 .debug_str     0x000006a5       0xc9 .\CortexM3\ARM_GCC_541\Debug\Lock-in_H2O_02b.a(Button_1.o)
                                0x2b4 (size before relaxing)
 .debug_str     0x0000076e      0x3db .\CortexM3\ARM_GCC_541\Debug\Lock-in_H2O_02b.a(ADC_1.o)
                                0x621 (size before relaxing)
 .debug_str     0x00000b49       0x4f .\CortexM3\ARM_GCC_541\Debug\Lock-in_H2O_02b.a(ADC_1_INT.o)
                                0x1e2 (size before relaxing)
 .debug_str     0x00000b98      0x212 .\CortexM3\ARM_GCC_541\Debug\Lock-in_H2O_02b.a(UART_1.o)
                                0x43c (size before relaxing)
 .debug_str     0x00000daa       0x31 .\CortexM3\ARM_GCC_541\Debug\Lock-in_H2O_02b.a(UART_1_INT.o)
                                0x208 (size before relaxing)
 .debug_str     0x00000ddb       0xfd .\CortexM3\ARM_GCC_541\Debug\Lock-in_H2O_02b.a(isrADC.o)
                                0x2cc (size before relaxing)
 .debug_str     0x00000ed8       0x2c .\CortexM3\ARM_GCC_541\Debug\Lock-in_H2O_02b.a(Chart_1.o)
                                0x21f (size before relaxing)
 .debug_str     0x00000f04      0x151 .\CortexM3\ARM_GCC_541\Debug\Lock-in_H2O_02b.a(Button_1_isrPoll.o)
                                0x358 (size before relaxing)
 .debug_str     0x00001055      0x181 .\CortexM3\ARM_GCC_541\Debug\Lock-in_H2O_02b.a(ADC_1_Ext_CP_Clk.o)
                                0x372 (size before relaxing)
 .debug_str     0x000011d6      0x167 .\CortexM3\ARM_GCC_541\Debug\Lock-in_H2O_02b.a(ADC_1_theACLK.o)
                                0x395 (size before relaxing)
 .debug_str     0x0000133d      0x7d2 .\CortexM3\ARM_GCC_541\Debug\Lock-in_H2O_02b.a(CyLib.o)
                                0xa5f (size before relaxing)
 .debug_str     0x00001b0f      0x359 .\CortexM3\ARM_GCC_541\Debug\Lock-in_H2O_02b.a(cyPm.o)
                                0x73f (size before relaxing)
 .debug_str     0x00001e68      0x195 .\CortexM3\ARM_GCC_541\Debug\Lock-in_H2O_02b.a(CyFlash.o)
                                0x3b9 (size before relaxing)
 .debug_str     0x00001ffd       0xac .\CortexM3\ARM_GCC_541\Debug\Lock-in_H2O_02b.a(CySpc.o)
                                0x342 (size before relaxing)

.debug_loc      0x00000000     0x2748
 *(.debug_loc)
 .debug_loc     0x00000000       0x88 .\CortexM3\ARM_GCC_541\Debug\main.o
 .debug_loc     0x00000088      0x1d7 .\CortexM3\ARM_GCC_541\Debug\cyfitter_cfg.o
 .debug_loc     0x0000025f      0x144 .\CortexM3\ARM_GCC_541\Debug\Cm3Start.o
 .debug_loc     0x000003a3       0x42 .\CortexM3\ARM_GCC_541\Debug\Lock-in_H2O_02b.a(Pin_LED.o)
 .debug_loc     0x000003e5      0x130 .\CortexM3\ARM_GCC_541\Debug\Lock-in_H2O_02b.a(Filter_1.o)
 .debug_loc     0x00000515       0x98 .\CortexM3\ARM_GCC_541\Debug\Lock-in_H2O_02b.a(Button_1.o)
 .debug_loc     0x000005ad      0x6ca .\CortexM3\ARM_GCC_541\Debug\Lock-in_H2O_02b.a(ADC_1.o)
 .debug_loc     0x00000c77      0x215 .\CortexM3\ARM_GCC_541\Debug\Lock-in_H2O_02b.a(UART_1.o)
 .debug_loc     0x00000e8c       0x56 .\CortexM3\ARM_GCC_541\Debug\Lock-in_H2O_02b.a(isrADC.o)
 .debug_loc     0x00000ee2       0x63 .\CortexM3\ARM_GCC_541\Debug\Lock-in_H2O_02b.a(Chart_1.o)
 .debug_loc     0x00000f45       0x56 .\CortexM3\ARM_GCC_541\Debug\Lock-in_H2O_02b.a(Button_1_isrPoll.o)
 .debug_loc     0x00000f9b      0x12c .\CortexM3\ARM_GCC_541\Debug\Lock-in_H2O_02b.a(ADC_1_Ext_CP_Clk.o)
 .debug_loc     0x000010c7      0x14d .\CortexM3\ARM_GCC_541\Debug\Lock-in_H2O_02b.a(ADC_1_theACLK.o)
 .debug_loc     0x00001214      0xa11 .\CortexM3\ARM_GCC_541\Debug\Lock-in_H2O_02b.a(CyLib.o)
 .debug_loc     0x00001c25      0x1e4 .\CortexM3\ARM_GCC_541\Debug\Lock-in_H2O_02b.a(cyPm.o)
 .debug_loc     0x00001e09      0x2f2 .\CortexM3\ARM_GCC_541\Debug\Lock-in_H2O_02b.a(CyFlash.o)
 .debug_loc     0x000020fb      0x64d .\CortexM3\ARM_GCC_541\Debug\Lock-in_H2O_02b.a(CySpc.o)

.debug_macinfo
 *(.debug_macinfo)

.debug_ranges   0x00000000      0x858
 *(.debug_ranges)
 .debug_ranges  0x00000000       0x28 .\CortexM3\ARM_GCC_541\Debug\main.o
 .debug_ranges  0x00000028       0x48 .\CortexM3\ARM_GCC_541\Debug\cyfitter_cfg.o
 .debug_ranges  0x00000070       0x38 .\CortexM3\ARM_GCC_541\Debug\Cm3Start.o
 .debug_ranges  0x000000a8       0x28 .\CortexM3\ARM_GCC_541\Debug\Lock-in_H2O_02b.a(Pin_LED.o)
 .debug_ranges  0x000000d0       0x10 .\CortexM3\ARM_GCC_541\Debug\Lock-in_H2O_02b.a(Filter_1.o)
 .debug_ranges  0x000000e0       0x28 .\CortexM3\ARM_GCC_541\Debug\Lock-in_H2O_02b.a(Button_1.o)
 .debug_ranges  0x00000108       0xd8 .\CortexM3\ARM_GCC_541\Debug\Lock-in_H2O_02b.a(ADC_1.o)
 .debug_ranges  0x000001e0       0x28 .\CortexM3\ARM_GCC_541\Debug\Lock-in_H2O_02b.a(ADC_1_INT.o)
 .debug_ranges  0x00000208       0x90 .\CortexM3\ARM_GCC_541\Debug\Lock-in_H2O_02b.a(UART_1.o)
 .debug_ranges  0x00000298       0x10 .\CortexM3\ARM_GCC_541\Debug\Lock-in_H2O_02b.a(UART_1_INT.o)
 .debug_ranges  0x000002a8       0x70 .\CortexM3\ARM_GCC_541\Debug\Lock-in_H2O_02b.a(isrADC.o)
 .debug_ranges  0x00000318       0x10 .\CortexM3\ARM_GCC_541\Debug\Lock-in_H2O_02b.a(Chart_1.o)
 .debug_ranges  0x00000328       0x70 .\CortexM3\ARM_GCC_541\Debug\Lock-in_H2O_02b.a(Button_1_isrPoll.o)
 .debug_ranges  0x00000398       0x60 .\CortexM3\ARM_GCC_541\Debug\Lock-in_H2O_02b.a(ADC_1_Ext_CP_Clk.o)
 .debug_ranges  0x000003f8       0x70 .\CortexM3\ARM_GCC_541\Debug\Lock-in_H2O_02b.a(ADC_1_theACLK.o)
 .debug_ranges  0x00000468      0x290 .\CortexM3\ARM_GCC_541\Debug\Lock-in_H2O_02b.a(CyLib.o)
 .debug_ranges  0x000006f8       0x88 .\CortexM3\ARM_GCC_541\Debug\Lock-in_H2O_02b.a(cyPm.o)
 .debug_ranges  0x00000780       0x70 .\CortexM3\ARM_GCC_541\Debug\Lock-in_H2O_02b.a(CyFlash.o)
 .debug_ranges  0x000007f0       0x68 .\CortexM3\ARM_GCC_541\Debug\Lock-in_H2O_02b.a(CySpc.o)

.comment        0x00000000       0x6e
 .comment       0x00000000       0x6e .\CortexM3\ARM_GCC_541\Debug\main.o
                                 0x6f (size before relaxing)
 .comment       0x0000006e       0x6f .\CortexM3\ARM_GCC_541\Debug\cyfitter_cfg.o
 .comment       0x0000006e       0x6f .\CortexM3\ARM_GCC_541\Debug\cymetadata.o
 .comment       0x0000006e       0x6f .\CortexM3\ARM_GCC_541\Debug\Cm3Start.o
 .comment       0x0000006e       0x6f .\CortexM3\ARM_GCC_541\Debug\Lock-in_H2O_02b.a(Pin_LED.o)
 .comment       0x0000006e       0x6f .\CortexM3\ARM_GCC_541\Debug\Lock-in_H2O_02b.a(Filter_1.o)
 .comment       0x0000006e       0x6f .\CortexM3\ARM_GCC_541\Debug\Lock-in_H2O_02b.a(Button_1.o)
 .comment       0x0000006e       0x6f .\CortexM3\ARM_GCC_541\Debug\Lock-in_H2O_02b.a(ADC_1.o)
 .comment       0x0000006e       0x6f .\CortexM3\ARM_GCC_541\Debug\Lock-in_H2O_02b.a(ADC_1_INT.o)
 .comment       0x0000006e       0x6f .\CortexM3\ARM_GCC_541\Debug\Lock-in_H2O_02b.a(UART_1.o)
 .comment       0x0000006e       0x6f .\CortexM3\ARM_GCC_541\Debug\Lock-in_H2O_02b.a(UART_1_INT.o)
 .comment       0x0000006e       0x6f .\CortexM3\ARM_GCC_541\Debug\Lock-in_H2O_02b.a(isrADC.o)
 .comment       0x0000006e       0x6f .\CortexM3\ARM_GCC_541\Debug\Lock-in_H2O_02b.a(Chart_1.o)
 .comment       0x0000006e       0x6f .\CortexM3\ARM_GCC_541\Debug\Lock-in_H2O_02b.a(Button_1_isrPoll.o)
 .comment       0x0000006e       0x6f .\CortexM3\ARM_GCC_541\Debug\Lock-in_H2O_02b.a(ADC_1_Ext_CP_Clk.o)
 .comment       0x0000006e       0x6f .\CortexM3\ARM_GCC_541\Debug\Lock-in_H2O_02b.a(ADC_1_theACLK.o)
 .comment       0x0000006e       0x6f .\CortexM3\ARM_GCC_541\Debug\Lock-in_H2O_02b.a(CyLib.o)
 .comment       0x0000006e       0x6f .\CortexM3\ARM_GCC_541\Debug\Lock-in_H2O_02b.a(cyPm.o)
 .comment       0x0000006e       0x6f .\CortexM3\ARM_GCC_541\Debug\Lock-in_H2O_02b.a(CyFlash.o)
 .comment       0x0000006e       0x6f .\CortexM3\ARM_GCC_541\Debug\Lock-in_H2O_02b.a(CySpc.o)

.debug_weaknames
 *(.debug_weaknames)

.debug_funcnames
 *(.debug_funcnames)

.debug_typenames
 *(.debug_typenames)

.debug_varnames
 *(.debug_varnames)

.note.gnu.arm.ident
 *(.note.gnu.arm.ident)

.ARM.attributes
                0x00000000       0x29
 *(.ARM.attributes)
 .ARM.attributes
                0x00000000       0x1d c:/program files (x86)/cypress/psoc creator/4.2/psoc creator/import/gnu/arm/5.4.1/bin/../lib/gcc/arm-none-eabi/5.4.1/armv7-m/crti.o
 .ARM.attributes
                0x0000001d       0x2d c:/program files (x86)/cypress/psoc creator/4.2/psoc creator/import/gnu/arm/5.4.1/bin/../lib/gcc/arm-none-eabi/5.4.1/armv7-m/crtbegin.o
 .ARM.attributes
                0x0000004a       0x1b c:/program files (x86)/cypress/psoc creator/4.2/psoc creator/import/gnu/arm/5.4.1/bin/../lib/gcc/arm-none-eabi/5.4.1/../../../../arm-none-eabi/lib/armv7-m/crt0.o
 .ARM.attributes
                0x00000065       0x33 .\CortexM3\ARM_GCC_541\Debug\main.o
 .ARM.attributes
                0x00000098       0x33 .\CortexM3\ARM_GCC_541\Debug\cyfitter_cfg.o
 .ARM.attributes
                0x000000cb       0x33 .\CortexM3\ARM_GCC_541\Debug\cymetadata.o
 .ARM.attributes
                0x000000fe       0x33 .\CortexM3\ARM_GCC_541\Debug\Cm3Start.o
 .ARM.attributes
                0x00000131       0x33 .\CortexM3\ARM_GCC_541\Debug\Lock-in_H2O_02b.a(Pin_LED.o)
 .ARM.attributes
                0x00000164       0x33 .\CortexM3\ARM_GCC_541\Debug\Lock-in_H2O_02b.a(Filter_1.o)
 .ARM.attributes
                0x00000197       0x33 .\CortexM3\ARM_GCC_541\Debug\Lock-in_H2O_02b.a(Button_1.o)
 .ARM.attributes
                0x000001ca       0x33 .\CortexM3\ARM_GCC_541\Debug\Lock-in_H2O_02b.a(ADC_1.o)
 .ARM.attributes
                0x000001fd       0x33 .\CortexM3\ARM_GCC_541\Debug\Lock-in_H2O_02b.a(ADC_1_INT.o)
 .ARM.attributes
                0x00000230       0x33 .\CortexM3\ARM_GCC_541\Debug\Lock-in_H2O_02b.a(UART_1.o)
 .ARM.attributes
                0x00000263       0x33 .\CortexM3\ARM_GCC_541\Debug\Lock-in_H2O_02b.a(UART_1_INT.o)
 .ARM.attributes
                0x00000296       0x33 .\CortexM3\ARM_GCC_541\Debug\Lock-in_H2O_02b.a(isrADC.o)
 .ARM.attributes
                0x000002c9       0x33 .\CortexM3\ARM_GCC_541\Debug\Lock-in_H2O_02b.a(Chart_1.o)
 .ARM.attributes
                0x000002fc       0x33 .\CortexM3\ARM_GCC_541\Debug\Lock-in_H2O_02b.a(Button_1_isrPoll.o)
 .ARM.attributes
                0x0000032f       0x33 .\CortexM3\ARM_GCC_541\Debug\Lock-in_H2O_02b.a(ADC_1_Ext_CP_Clk.o)
 .ARM.attributes
                0x00000362       0x33 .\CortexM3\ARM_GCC_541\Debug\Lock-in_H2O_02b.a(ADC_1_theACLK.o)
 .ARM.attributes
                0x00000395       0x33 .\CortexM3\ARM_GCC_541\Debug\Lock-in_H2O_02b.a(CyLib.o)
 .ARM.attributes
                0x000003c8       0x33 .\CortexM3\ARM_GCC_541\Debug\Lock-in_H2O_02b.a(cyPm.o)
 .ARM.attributes
                0x000003fb       0x21 .\CortexM3\ARM_GCC_541\Debug\Lock-in_H2O_02b.a(CyBootAsmGnu.o)
 .ARM.attributes
                0x0000041c       0x33 .\CortexM3\ARM_GCC_541\Debug\Lock-in_H2O_02b.a(CyFlash.o)
 .ARM.attributes
                0x0000044f       0x33 .\CortexM3\ARM_GCC_541\Debug\Lock-in_H2O_02b.a(CySpc.o)
 .ARM.attributes
                0x00000482       0x1d c:/program files (x86)/cypress/psoc creator/4.2/psoc creator/import/gnu/arm/5.4.1/bin/../lib/gcc/arm-none-eabi/5.4.1/armv7-m\libgcc.a(_arm_addsubdf3.o)
 .ARM.attributes
                0x0000049f       0x1d c:/program files (x86)/cypress/psoc creator/4.2/psoc creator/import/gnu/arm/5.4.1/bin/../lib/gcc/arm-none-eabi/5.4.1/armv7-m\libgcc.a(_arm_cmpdf2.o)
 .ARM.attributes
                0x000004bc       0x1d c:/program files (x86)/cypress/psoc creator/4.2/psoc creator/import/gnu/arm/5.4.1/bin/../lib/gcc/arm-none-eabi/5.4.1/armv7-m\libgcc.a(_arm_addsubsf3.o)
 .ARM.attributes
                0x000004d9       0x1d c:/program files (x86)/cypress/psoc creator/4.2/psoc creator/import/gnu/arm/5.4.1/bin/../lib/gcc/arm-none-eabi/5.4.1/armv7-m\libgcc.a(_arm_muldivsf3.o)
 .ARM.attributes
                0x000004f6       0x1d c:/program files (x86)/cypress/psoc creator/4.2/psoc creator/import/gnu/arm/5.4.1/bin/../lib/gcc/arm-none-eabi/5.4.1/armv7-m\libgcc.a(_arm_fixunssfsi.o)
 .ARM.attributes
                0x00000513       0x2d c:/program files (x86)/cypress/psoc creator/4.2/psoc creator/import/gnu/arm/5.4.1/bin/../lib/gcc/arm-none-eabi/5.4.1/../../../../arm-none-eabi/lib/armv7-m\libg_nano.a(lib_a-errno.o)
 .ARM.attributes
                0x00000540       0x2d c:/program files (x86)/cypress/psoc creator/4.2/psoc creator/import/gnu/arm/5.4.1/bin/../lib/gcc/arm-none-eabi/5.4.1/../../../../arm-none-eabi/lib/armv7-m\libg_nano.a(lib_a-exit.o)
 .ARM.attributes
                0x0000056d       0x2d c:/program files (x86)/cypress/psoc creator/4.2/psoc creator/import/gnu/arm/5.4.1/bin/../lib/gcc/arm-none-eabi/5.4.1/../../../../arm-none-eabi/lib/armv7-m\libg_nano.a(lib_a-impure.o)
 .ARM.attributes
                0x0000059a       0x2d c:/program files (x86)/cypress/psoc creator/4.2/psoc creator/import/gnu/arm/5.4.1/bin/../lib/gcc/arm-none-eabi/5.4.1/../../../../arm-none-eabi/lib/armv7-m\libg_nano.a(lib_a-init.o)
 .ARM.attributes
                0x000005c7       0x2d c:/program files (x86)/cypress/psoc creator/4.2/psoc creator/import/gnu/arm/5.4.1/bin/../lib/gcc/arm-none-eabi/5.4.1/../../../../arm-none-eabi/lib/armv7-m\libg_nano.a(lib_a-memcpy-stub.o)
 .ARM.attributes
                0x000005f4       0x2d c:/program files (x86)/cypress/psoc creator/4.2/psoc creator/import/gnu/arm/5.4.1/bin/../lib/gcc/arm-none-eabi/5.4.1/../../../../arm-none-eabi/lib/armv7-m\libg_nano.a(lib_a-memset.o)
 .ARM.attributes
                0x00000621       0x2d c:/program files (x86)/cypress/psoc creator/4.2/psoc creator/import/gnu/arm/5.4.1/bin/../lib/gcc/arm-none-eabi/5.4.1/armv7-m/crtend.o
 .ARM.attributes
                0x0000064e       0x1d c:/program files (x86)/cypress/psoc creator/4.2/psoc creator/import/gnu/arm/5.4.1/bin/../lib/gcc/arm-none-eabi/5.4.1/armv7-m/crtn.o

/DISCARD/
 *(.note.GNU-stack)
OUTPUT(C:\Users\karth\Downloads\conductometry\psoc-lock-in-H2O-conductance\Lock-in_H2O_02b.cydsn\CortexM3\ARM_GCC_541\Debug\Lock-in_H2O_02b.elf elf32-littlearm)
